// Jest Snapshot v1, https://goo.gl/fbAQLP

exports[`Pruebas en <AddCategory /> Debe renderizarse correctamente 1`] = `
<form
  onSubmit={[Function]}
>
  <input
    onChange={[Function]}
    placeholder="Buscar Gif"
    type="text"
    value=""
  />
</form>
`;
