// Jest Snapshot v1, https://goo.gl/fbAQLP

exports[`Prueba sobre <GifGridItem /> Se debe renderizar correctamente 1`] = `
<div
  className="card animate__animated animate__zoomIn"
>
  <img
    alt="Un Titulo"
    src="https://localhost/algo.jpg"
  />
  <p>
    Un Titulo
  </p>
</div>
`;
